ets ï¿½ets Jul 29 2019 12:21:46

rst:0x1 (POWERON_RESET),boot:0x13 (SPI_FAST_FLASH_BOOT)
configsip: 0, SPIWP:0xee
clk_drv:0x00,q_drv:0x00,d_drv:0x00,cs0_drv:0x00,hd_drv:0x00,wp_drv:0x00
mode:DIO, clock div:2
load:0x3fff0030,len:7112
load:0x40078000,len:15688
load:0x40080400,len:4
load:0x40080404,len:3876
entry 0x4008064c
[0;32mI (29) boot: ESP-IDF v5.1.6 2nd stage bootloader[0m
[0;32mI (29) boot: compile time Oct  4 2025 00:05:49[0m
[0;32mI (29) boot: Multicore bootloader[0m
[0;32mI (34) boot: chip revision: v3.1[0m
[0;32mI (37) boot.esp32: SPI Speed      : 40MHz[0m
[0;32mI (42) boot.esp32: SPI Mode       : DIO[0m
[0;32mI (47) boot.esp32: SPI Flash Size : 2MB[0m
[0;32mI (51) boot: Enabling RNG early entropy source...[0m
[0;32mI (57) boot: Partition Table:[0m
[0;32mI (60) boot: ## Label            Usage          Type ST Offset   Length[0m
[0;32mI (67) boot:  0 nvs              WiFi data        01 02 00009000 00006000[0m
[0;32mI (75) boot:  1 phy_init         RF data          01 01 0000f000 00001000[0m
[0;32mI (82) boot:  2 factory          factory app      00 00 00010000 00100000[0m
[0;32mI (90) boot: End of partition table[0m
[0;32mI (94) esp_image: segment 0: paddr=00010020 vaddr=3f400020 size=0a294h ( 41620) map[0m
[0;32mI (118) esp_image: segment 1: paddr=0001a2bc vaddr=3ffb0000 size=02170h (  8560) load[0m
[0;32mI (121) esp_image: segment 2: paddr=0001c434 vaddr=40080000 size=03be4h ( 15332) load[0m
[0;32mI (130) esp_image: segment 3: paddr=00020020 vaddr=400d0020 size=15d14h ( 89364) map[0m
[0;32mI (164) esp_image: segment 4: paddr=00035d3c vaddr=40083be4 size=083c0h ( 33728) load[0m
[0;32mI (184) boot: Loaded app from partition at offset 0x10000[0m
[0;32mI (185) boot: Disabling RNG early entropy source...[0m
[0;32mI (196) cpu_start: Multicore app[0m
[0;32mI (197) cpu_start: Pro cpu up.[0m
[0;32mI (197) cpu_start: Starting app cpu, entry point is 0x40081110[0m
[0;32mI (0) cpu_start: App cpu up.[0m
[0;32mI (214) cpu_start: Pro cpu start user code[0m
[0;32mI (214) cpu_start: cpu freq: 160000000 Hz[0m
[0;32mI (214) cpu_start: Application information:[0m
[0;32mI (219) cpu_start: Project name:     Buzzer[0m
[0;32mI (224) cpu_start: App version:      e627c43[0m
[0;32mI (229) cpu_start: Compile time:     Oct  4 2025 00:05:29[0m
[0;32mI (235) cpu_start: ELF file SHA256:  de883d83b44be20f...[0m
[0;32mI (241) cpu_start: ESP-IDF:          v5.1.6[0m
[0;32mI (246) cpu_start: Min chip rev:     v0.0[0m
[0;32mI (250) cpu_start: Max chip rev:     v3.99 [0m
[0;32mI (255) cpu_start: Chip rev:         v3.1[0m
[0;32mI (260) heap_init: Initializing. RAM available for dynamic allocation:[0m
[0;32mI (267) heap_init: At 3FFAE6E0 len 00001920 (6 KiB): DRAM[0m
[0;32mI (273) heap_init: At 3FFB2A18 len 0002D5E8 (181 KiB): DRAM[0m
[0;32mI (280) heap_init: At 3FFE0440 len 00003AE0 (14 KiB): D/IRAM[0m
[0;32mI (286) heap_init: At 3FFE4350 len 0001BCB0 (111 KiB): D/IRAM[0m
[0;32mI (292) heap_init: At 4008BFA4 len 0001405C (80 KiB): IRAM[0m
[0;32mI (300) spi_flash: detected chip: generic[0m
[0;32mI (303) spi_flash: flash io: dio[0m
[0;33mW (307) spi_flash: Detected size(4096k) larger than the size in the binary image header(2048k). Using the size in the binary image header.[0m
[0;33mW (320) ADC: legacy driver is deprecated, please migrate to `esp_adc/adc_oneshot.h`[0m
[0;32mI (329) app_start: Starting scheduler on CPU0[0m
[0;32mI (334) app_start: Starting scheduler on CPU1[0m
[0;32mI (334) main_task: Started on CPU0[0m
[0;32mI (344) main_task: Calling app_main()[0m
[0;32mI (344) gpio: GPIO[18]| InputEn: 0| OutputEn: 0| OpenDrain: 0| Pullup: 1| Pulldown: 0| Intr:0 [0m
[0;32mI (354) LDR_BUZZER: Start LDR + Buzzer test[0m
[0;32mI (354) LDR_BUZZER: ADC Raw: 106, Voltage: 0.23 V[0m
[0;32mI (1364) LDR_BUZZER: ADC Raw: 0, Voltage: 0.14 V[0m
[0;32mI (2364) LDR_BUZZER: ADC Raw: 0, Voltage: 0.14 V[0m
[0;32mI (3364) LDR_BUZZER: ADC Raw: 0, Voltage: 0.14 V[0m
[0;32mI (4364) LDR_BUZZER: ADC Raw: 0, Voltage: 0.14 V[0m
[0;32mI (5364) LDR_BUZZER: ADC Raw: 0, Voltage: 0.14 V[0m
[0;32mI (6364) LDR_BUZZER: ADC Raw: 0, Voltage: 0.14 V[0m
[0;32mI (7364) LDR_BUZZER: ADC Raw: 0, Voltage: 0.14 V[0m
[0;32mI (8364) LDR_BUZZER: ADC Raw: 0, Voltage: 0.14 V[0m
[0;32mI (9364) LDR_BUZZER: ADC Raw: 0, Voltage: 0.14 V[0m
[0;32mI (10364) LDR_BUZZER: ADC Raw: 0, Voltage: 0.14 V[0m
[0;32mI (11364) LDR_BUZZER: ADC Raw: 0, Voltage: 0.14 V[0m
[0;32mI (12364) LDR_BUZZER: ADC Raw: 0, Voltage: 0.14 V[0m
[0;32mI (13364) LDR_BUZZER: ADC Raw: 0, Voltage: 0.14 V[0m
[0;32mI (14364) LDR_BUZZER: ADC Raw: 0, Voltage: 0.14 V[0m
[0;32mI (15364) LDR_BUZZER: ADC Raw: 0, Voltage: 0.14 V[0m
[0;32mI (16364) LDR_BUZZER: ADC Raw: 0, Voltage: 0.14 V[0m
[0;32mI (17364) LDR_BUZZER: ADC Raw: 0, Voltage: 0.14 V[0m
[0;32mI (18364) LDR_BUZZER: ADC Raw: 0, Voltage: 0.14 V[0m
[0;32mI (19364) LDR_BUZZER: ADC Raw: 0, Voltage: 0.14 V[0m
[0;32mI (20364) LDR_BUZZER: ADC Raw: 0, Voltage: 0.14 V[0m
[0;32mI (21364) LDR_BUZZER: ADC Raw: 0, Voltage: 0.14 V[0m
[0;32mI (22364) LDR_BUZZER: ADC Raw: 0, Voltage: 0.14 V[0m
[0;32mI (23364) LDR_BUZZER: ADC Raw: 0, Voltage: 0.14 V[0m
[0;32mI (24364) LDR_BUZZER: ADC Raw: 0, Voltage: 0.14 V[0m
[0;32mI (25364) LDR_BUZZER: ADC Raw: 0, Voltage: 0.14 V[0m
[0;32mI (26364) LDR_BUZZER: ADC Raw: 0, Voltage: 0.14 V[0m
[0;32mI (27364) LDR_BUZZER: ADC Raw: 0, Voltage: 0.14 V[0m
[0;32mI (28364) LDR_BUZZER: ADC Raw: 89, Voltage: 0.22 V[0m
[0;32mI (29364) LDR_BUZZER: ADC Raw: 0, Voltage: 0.14 V[0m
[0;32mI (30364) LDR_BUZZER: ADC Raw: 0, Voltage: 0.14 V[0m
[0;32mI (31364) LDR_BUZZER: ADC Raw: 0, Voltage: 0.14 V[0m
[0;32mI (32364) LDR_BUZZER: ADC Raw: 0, Voltage: 0.14 V[0m
[0;32mI (33364) LDR_BUZZER: ADC Raw: 0, Voltage: 0.14 V[0m
[0;32mI (34364) LDR_BUZZER: ADC Raw: 0, Voltage: 0.14 V[0m
[0;32mI (35364) LDR_BUZZER: ADC Raw: 0, Voltage: 0.14 V[0m
[0;32mI (36364) LDR_BUZZER: ADC Raw: 0, Voltage: 0.14 V[0m
[0;32mI (37364) LDR_BUZZER: ADC Raw: 0, Voltage: 0.14 V[0m
[0;32mI (38364) LDR_BUZZER: ADC Raw: 0, Voltage: 0.14 V[0m
[0;32mI (39364) LDR_BUZZER: ADC Raw: 0, Voltage: 0.14 V[0m
[0;32mI (40364) LDR_BUZZER: ADC Raw: 0, Voltage: 0.14 V[0m
[0;32mI (41364) LDR_BUZZER: ADC Raw: 0, Voltage: 0.14 V[0m
[0;32mI (42364) LDR_BUZZER: ADC Raw: 0, Voltage: 0.14 V[0m
[0;32mI (43364) LDR_BUZZER: ADC Raw: 0, Voltage: 0.14 V[0m
[0;32mI (44364) LDR_BUZZER: ADC Raw: 0, Voltage: 0.14 V[0m
[0;32mI (45364) LDR_BUZZER: ADC Raw: 0, Voltage: 0.14 V[0m
[0;32mI (46364) LDR_BUZZER: ADC Raw: 0, Voltage: 0.14 V[0m
[0;32mI (47364) LDR_BUZZER: ADC Raw: 0, Voltage: 0.14 V[0m
[0;32mI (48364) LDR_BUZZER: ADC Raw: 0, Voltage: 0.14 V[0m
[0;32mI (49364) LDR_BUZZER: ADC Raw: 0, Voltage: 0.14 V[0m
[0;32mI (50364) LDR_BUZZER: ADC Raw: 0, Voltage: 0.14 V[0m
[0;32mI (51364) LDR_BUZZER: ADC Raw: 0, Voltage: 0.14 V[0m
[0;32mI (52364) LDR_BUZZER: ADC Raw: 0, Voltage: 0.14 V[0m
[0;32mI (53364) LDR_BUZZER: ADC Raw: 0, Voltage: 0.14 V[0m
[0;32mI (54364) LDR_BUZZER: ADC Raw: 0, Voltage: 0.14 V[0m
[0;32mI (55364) LDR_BUZZER: ADC Raw: 0, Voltage: 0.14 V[0m
[0;32mI (56364) LDR_BUZZER: ADC Raw: 0, Voltage: 0.14 V[0m
[0;32mI (57364) LDR_BUZZER: ADC Raw: 0, Voltage: 0.14 V[0m
[0;32mI (58364) LDR_BUZZER: ADC Raw: 0, Voltage: 0.14 V[0m
[0;32mI (59364) LDR_BUZZER: ADC Raw: 0, Voltage: 0.14 V[0m
[0;32mI (60364) LDR_BUZZER: ADC Raw: 0, Voltage: 0.14 V[0m
[0;32mI (61364) LDR_BUZZER: ADC Raw: 0, Voltage: 0.14 V[0m
[0;32mI (62364) LDR_BUZZER: ADC Raw: 0, Voltage: 0.14 V[0m
[0;32mI (63364) LDR_BUZZER: ADC Raw: 0, Voltage: 0.14 V[0m
[0;32mI (64364) LDR_BUZZER: ADC Raw: 0, Voltage: 0.14 V[0m
[0;32mI (65364) LDR_BUZZER: ADC Raw: 0, Voltage: 0.14 V[0m
[0;32mI (66364) LDR_BUZZER: ADC Raw: 0, Voltage: 0.14 V[0m
[0;32mI (67364) LDR_BUZZER: ADC Raw: 0, Voltage: 0.14 V[0m
[0;32mI (68364) LDR_BUZZER: ADC Raw: 0, Voltage: 0.14 V[0m
[0;32mI (69364) LDR_BUZZER: ADC Raw: 0, Voltage: 0.14 V[0m
[0;32mI (70364) LDR_BUZZER: ADC Raw: 0, Voltage: 0.14 V[0m
[0;32mI (71364) LDR_BUZZER: ADC Raw: 111, Voltage: 0.23 V[0m
[0;32mI (72364) LDR_BUZZER: ADC Raw: 0, Voltage: 0.14 V[0m
[0;32mI (73364) LDR_BUZZER: ADC Raw: 0, Voltage: 0.14 V[0m
[0;32mI (74364) LDR_BUZZER: ADC Raw: 0, Voltage: 0.14 V[0m
[0;32mI (75364) LDR_BUZZER: ADC Raw: 0, Voltage: 0.14 V[0m
[0;32mI (76364) LDR_BUZZER: ADC Raw: 0, Voltage: 0.14 V[0m
[0;32mI (77364) LDR_BUZZER: ADC Raw: 0, Voltage: 0.14 V[0m
[0;32mI (78364) LDR_BUZZER: ADC Raw: 0, Voltage: 0.14 V[0m
[0;32mI (79364) LDR_BUZZER: ADC Raw: 0, Voltage: 0.14 V[0m
[0;32mI (80364) LDR_BUZZER: ADC Raw: 215, Voltage: 0.32 V[0m
[0;32mI (81364) LDR_BUZZER: ADC Raw: 434, Voltage: 0.50 V[0m
[0;32mI (82364) LDR_BUZZER: ADC Raw: 713, Voltage: 0.73 V[0m
[0;32mI (83364) LDR_BUZZER: ADC Raw: 966, Voltage: 0.94 V[0m
[0;32mI (84364) LDR_BUZZER: ADC Raw: 1232, Voltage: 1.15 V[0m
[0;32mI (85364) LDR_BUZZER: ADC Raw: 1299, Voltage: 1.21 V[0m
[0;32mI (86364) LDR_BUZZER: ADC Raw: 1294, Voltage: 1.20 V[0m
[0;32mI (87364) LDR_BUZZER: ADC Raw: 1289, Voltage: 1.20 V[0m
[0;32mI (88364) LDR_BUZZER: ADC Raw: 1136, Voltage: 1.08 V[0m
[0;32mI (89364) LDR_BUZZER: ADC Raw: 893, Voltage: 0.88 V[0m
[0;32mI (90364) LDR_BUZZER: ADC Raw: 592, Voltage: 0.63 V[0m
