ets Jul ï¿½ets Jul 29 2019 12:21:46

rst:0x1 (POWERON_RESET),boot:0x13 (SPI_FAST_FLASH_BOOT)
configsip: 0, SPIWP:0xee
clk_drv:0x00,q_drv:0x00,d_drv:0x00,cs0_drv:0x00,hd_drv:0x00,wp_drv:0x00
mode:DIO, clock div:2
load:0x3fff0030,len:7112
load:0x40078000,len:15688
load:0x40080400,len:4
load:0x40080404,len:3876
entry 0x4008064c
[0;32mI (29) boot: ESP-IDF v5.1.6 2nd stage bootloader[0m
[0;32mI (29) boot: compile time Oct  4 2025 00:05:49[0m
[0;32mI (29) boot: Multicore bootloader[0m
[0;32mI (34) boot: chip revision: v3.1[0m
[0;32mI (37) boot.esp32: SPI Speed      : 40MHz[0m
[0;32mI (42) boot.esp32: SPI Mode       : DIO[0m
[0;32mI (47) boot.esp32: SPI Flash Size : 2MB[0m
[0;32mI (51) boot: Enabling RNG early entropy source...[0m
[0;32mI (57) boot: Partition Table:[0m
[0;32mI (60) boot: ## Label            Usage          Type ST Offset   Length[0m
[0;32mI (67) boot:  0 nvs              WiFi data        01 02 00009000 00006000[0m
[0;32mI (75) boot:  1 phy_init         RF data          01 01 0000f000 00001000[0m
[0;32mI (82) boot:  2 factory          factory app      00 00 00010000 00100000[0m
[0;32mI (90) boot: End of partition table[0m
[0;32mI (94) esp_image: segment 0: paddr=00010020 vaddr=3f400020 size=0a294h ( 41620) map[0m
[0;32mI (118) esp_image: segment 1: paddr=0001a2bc vaddr=3ffb0000 size=02170h (  8560) load[0m
[0;32mI (121) esp_image: segment 2: paddr=0001c434 vaddr=40080000 size=03be4h ( 15332) load[0m
[0;32mI (130) esp_image: segment 3: paddr=00020020 vaddr=400d0020 size=15d14h ( 89364) map[0m
[0;32mI (164) esp_image: segment 4: paddr=00035d3c vaddr=40083be4 size=083c0h ( 33728) load[0m
[0;32mI (184) boot: Loaded app from partition at offset 0x10000[0m
[0;32mI (185) boot: Disabling RNG early entropy source...[0m
[0;32mI (196) cpu_start: Multicore app[0m
[0;32mI (197) cpu_start: Pro cpu up.[0m
[0;32mI (197) cpu_start: Starting app cpu, entry point is 0x40081110[0m
[0;32mI (0) cpu_start: App cpu up.[0m
[0;32mI (214) cpu_start: Pro cpu start user code[0m
[0;32mI (214) cpu_start: cpu freq: 160000000 Hz[0m
[0;32mI (214) cpu_start: Application information:[0m
[0;32mI (219) cpu_start: Project name:     Buzzer[0m
[0;32mI (224) cpu_start: App version:      e627c43[0m
[0;32mI (229) cpu_start: Compile time:     Oct  4 2025 00:05:29[0m
[0;32mI (235) cpu_start: ELF file SHA256:  de883d83b44be20f...[0m
[0;32mI (241) cpu_start: ESP-IDF:          v5.1.6[0m
[0;32mI (246) cpu_start: Min chip rev:     v0.0[0m
[0;32mI (250) cpu_start: Max chip rev:     v3.99 [0m
[0;32mI (255) cpu_start: Chip rev:         v3.1[0m
[0;32mI (260) heap_init: Initializing. RAM available for dynamic allocation:[0m
[0;32mI (267) heap_init: At 3FFAE6E0 len 00001920 (6 KiB): DRAM[0m
[0;32mI (273) heap_init: At 3FFB2A18 len 0002D5E8 (181 KiB): DRAM[0m
[0;32mI (280) heap_init: At 3FFE0440 len 00003AE0 (14 KiB): D/IRAM[0m
[0;32mI (286) heap_init: At 3FFE4350 len 0001BCB0 (111 KiB): D/IRAM[0m
[0;32mI (292) heap_init: At 4008BFA4 len 0001405C (80 KiB): IRAM[0m
[0;32mI (300) spi_flash: detected chip: generic[0m
[0;32mI (303) spi_flash: flash io: dio[0m
[0;33mW (307) spi_flash: Detected size(4096k) larger than the size in the binary image header(2048k). Using the size in the binary image header.[0m
[0;33mW (320) ADC: legacy driver is deprecated, please migrate to `esp_adc/adc_oneshot.h`[0m
[0;32mI (329) app_start: Starting scheduler on CPU0[0m
[0;32mI (334) app_start: Starting scheduler on CPU1[0m
[0;32mI (334) main_task: Started on CPU0[0m
[0;32mI (344) main_task: Calling app_main()[0m
[0;32mI (344) gpio: GPIO[18]| InputEn: 0| OutputEn: 0| OpenDrain: 0| Pullup: 1| Pulldown: 0| Intr:0 [0m
[0;32mI (354) LDR_BUZZER: Start LDR + Buzzer test[0m
[0;32mI (354) LDR_BUZZER: ADC Raw: 370, Voltage: 0.45 V[0m
[0;32mI (1364) LDR_BUZZER: ADC Raw: 1378, Voltage: 1.27 V[0m
[0;32mI (2364) LDR_BUZZER: ADC Raw: 1287, Voltage: 1.20 V[0m
[0;32mI (3364) LDR_BUZZER: ADC Raw: 1230, Voltage: 1.15 V[0m
